// Vitest Snapshot v1, https://vitest.dev/guide/snapshot.html

exports[`career distribution harness — the guild across seasons > THE BASELINE: exact distribution snapshot — drift must justify itself 1`] = `
{
  "ambushDeaths": 0,
  "avgFinalLevelX100": 200,
  "completionRate": 0.998,
  "failRate": 0,
  "goldP50": 3020,
  "idleWeekRate": 0,
  "itemsP50": 0,
  "levelUpsTotal": 80,
  "maxEscalationTier": 3,
  "weeksWithQuestActivity": 480,
  "wipeRate": 0.002,
}
`;
