// Vitest Snapshot v1, https://vitest.dev/guide/snapshot.html

exports[`the at-level contract — a level-N party in a level-N dungeon > THE BASELINE: the at-level curve, exact — drift must justify itself 1`] = `
{
  "curve": {
    "d1": {
      "completedPct": 94.7,
      "retreatedPct": 3.7,
      "wipedPct": 1.7,
    },
    "d2": {
      "completedPct": 91.7,
      "retreatedPct": 6,
      "wipedPct": 2.3,
    },
    "d3": {
      "completedPct": 89,
      "retreatedPct": 7.3,
      "wipedPct": 3.7,
    },
    "d4": {
      "completedPct": 57.7,
      "retreatedPct": 28,
      "wipedPct": 14.3,
    },
    "d5": {
      "completedPct": 69.7,
      "retreatedPct": 24,
      "wipedPct": 6.3,
    },
  },
  "gear": "bracket",
  "phase": "target",
  "runsPerCell": 300,
}
`;
