// Vitest Snapshot v1, https://vitest.dev/guide/snapshot.html

exports[`dungeon distribution harness — every profile, every tier > THE BASELINE: exact distribution snapshot — drift must justify itself 1`] = `
{
  "grid": {
    "bossRush/large": {
      "bossDefeatedPct": 9,
      "completedPct": 9,
      "completedWithSealedBoss": 0,
      "retreatedPct": 27,
      "roomsVisitedAvgX10": 64,
      "sealedRoutesPerRunX100": 85,
      "ticksP50": 355,
      "wipedPct": 64,
    },
    "bossRush/medium": {
      "bossDefeatedPct": 52,
      "completedPct": 52,
      "completedWithSealedBoss": 0,
      "retreatedPct": 42,
      "roomsVisitedAvgX10": 60,
      "sealedRoutesPerRunX100": 54,
      "ticksP50": 215,
      "wipedPct": 6,
    },
    "bossRush/small": {
      "bossDefeatedPct": 80,
      "completedPct": 80,
      "completedWithSealedBoss": 0,
      "retreatedPct": 18,
      "roomsVisitedAvgX10": 55,
      "sealedRoutesPerRunX100": 25,
      "ticksP50": 192,
      "wipedPct": 2,
    },
    "bossRush/tiny": {
      "bossDefeatedPct": 94,
      "completedPct": 94,
      "completedWithSealedBoss": 0,
      "retreatedPct": 6,
      "roomsVisitedAvgX10": 45,
      "sealedRoutesPerRunX100": 7,
      "ticksP50": 134,
      "wipedPct": 0,
    },
    "fullExplore/large": {
      "bossDefeatedPct": 4,
      "completedPct": 0,
      "completedWithSealedBoss": 0,
      "retreatedPct": 24,
      "roomsVisitedAvgX10": 82,
      "sealedRoutesPerRunX100": 95,
      "ticksP50": 430,
      "wipedPct": 76,
    },
    "fullExplore/medium": {
      "bossDefeatedPct": 48,
      "completedPct": 29,
      "completedWithSealedBoss": 0,
      "retreatedPct": 49,
      "roomsVisitedAvgX10": 119,
      "sealedRoutesPerRunX100": 128,
      "ticksP50": 538,
      "wipedPct": 22,
    },
    "fullExplore/small": {
      "bossDefeatedPct": 80,
      "completedPct": 73,
      "completedWithSealedBoss": 0,
      "retreatedPct": 19,
      "roomsVisitedAvgX10": 89,
      "sealedRoutesPerRunX100": 62,
      "ticksP50": 399,
      "wipedPct": 8,
    },
    "fullExplore/tiny": {
      "bossDefeatedPct": 98,
      "completedPct": 96,
      "completedWithSealedBoss": 0,
      "retreatedPct": 3,
      "roomsVisitedAvgX10": 69,
      "sealedRoutesPerRunX100": 3,
      "ticksP50": 232,
      "wipedPct": 1,
    },
    "lootRun/large": {
      "bossDefeatedPct": 1,
      "completedPct": 39,
      "completedWithSealedBoss": 1,
      "retreatedPct": 8,
      "roomsVisitedAvgX10": 68,
      "sealedRoutesPerRunX100": 110,
      "ticksP50": 353,
      "wipedPct": 53,
    },
    "lootRun/medium": {
      "bossDefeatedPct": 4,
      "completedPct": 82,
      "completedWithSealedBoss": 0,
      "retreatedPct": 13,
      "roomsVisitedAvgX10": 65,
      "sealedRoutesPerRunX100": 67,
      "ticksP50": 234,
      "wipedPct": 5,
    },
    "lootRun/small": {
      "bossDefeatedPct": 24,
      "completedPct": 91,
      "completedWithSealedBoss": 2,
      "retreatedPct": 9,
      "roomsVisitedAvgX10": 56,
      "sealedRoutesPerRunX100": 40,
      "ticksP50": 163,
      "wipedPct": 0,
    },
    "lootRun/tiny": {
      "bossDefeatedPct": 83,
      "completedPct": 74,
      "completedWithSealedBoss": 1,
      "retreatedPct": 26,
      "roomsVisitedAvgX10": 55,
      "sealedRoutesPerRunX100": 4,
      "ticksP50": 163,
      "wipedPct": 0,
    },
    "mysteryHunt/large": {
      "bossDefeatedPct": 0,
      "completedPct": 35,
      "completedWithSealedBoss": 0,
      "retreatedPct": 18,
      "roomsVisitedAvgX10": 63,
      "sealedRoutesPerRunX100": 80,
      "ticksP50": 315,
      "wipedPct": 47,
    },
    "mysteryHunt/medium": {
      "bossDefeatedPct": 7,
      "completedPct": 74,
      "completedWithSealedBoss": 0,
      "retreatedPct": 23,
      "roomsVisitedAvgX10": 64,
      "sealedRoutesPerRunX100": 47,
      "ticksP50": 160,
      "wipedPct": 3,
    },
    "mysteryHunt/small": {
      "bossDefeatedPct": 1,
      "completedPct": 92,
      "completedWithSealedBoss": 0,
      "retreatedPct": 7,
      "roomsVisitedAvgX10": 46,
      "sealedRoutesPerRunX100": 9,
      "ticksP50": 125,
      "wipedPct": 1,
    },
    "mysteryHunt/tiny": {
      "bossDefeatedPct": 1,
      "completedPct": 99,
      "completedWithSealedBoss": 0,
      "retreatedPct": 1,
      "roomsVisitedAvgX10": 35,
      "sealedRoutesPerRunX100": 2,
      "ticksP50": 69,
      "wipedPct": 0,
    },
  },
  "runsPerCell": 100,
}
`;
