// Vitest Snapshot v1, https://vitest.dev/guide/snapshot.html

exports[`dungeon distribution harness — every profile, every tier > THE BASELINE: exact distribution snapshot — drift must justify itself 1`] = `
{
  "grid": {
    "bossRush/large": {
      "bossDefeatedPct": 6,
      "completedPct": 6,
      "completedWithSealedBoss": 0,
      "retreatedPct": 22,
      "roomsVisitedAvgX10": 52,
      "sealedRoutesPerRunX100": 66,
      "ticksP50": 307,
      "wipedPct": 72,
    },
    "bossRush/medium": {
      "bossDefeatedPct": 39,
      "completedPct": 39,
      "completedWithSealedBoss": 0,
      "retreatedPct": 39,
      "roomsVisitedAvgX10": 58,
      "sealedRoutesPerRunX100": 51,
      "ticksP50": 255,
      "wipedPct": 22,
    },
    "bossRush/small": {
      "bossDefeatedPct": 74,
      "completedPct": 74,
      "completedWithSealedBoss": 0,
      "retreatedPct": 18,
      "roomsVisitedAvgX10": 55,
      "sealedRoutesPerRunX100": 25,
      "ticksP50": 209,
      "wipedPct": 8,
    },
    "bossRush/tiny": {
      "bossDefeatedPct": 93,
      "completedPct": 93,
      "completedWithSealedBoss": 0,
      "retreatedPct": 6,
      "roomsVisitedAvgX10": 45,
      "sealedRoutesPerRunX100": 7,
      "ticksP50": 148,
      "wipedPct": 1,
    },
    "fullExplore/large": {
      "bossDefeatedPct": 2,
      "completedPct": 1,
      "completedWithSealedBoss": 0,
      "retreatedPct": 18,
      "roomsVisitedAvgX10": 59,
      "sealedRoutesPerRunX100": 70,
      "ticksP50": 318,
      "wipedPct": 81,
    },
    "fullExplore/medium": {
      "bossDefeatedPct": 38,
      "completedPct": 17,
      "completedWithSealedBoss": 0,
      "retreatedPct": 38,
      "roomsVisitedAvgX10": 104,
      "sealedRoutesPerRunX100": 107,
      "ticksP50": 483,
      "wipedPct": 45,
    },
    "fullExplore/small": {
      "bossDefeatedPct": 72,
      "completedPct": 59,
      "completedWithSealedBoss": 0,
      "retreatedPct": 15,
      "roomsVisitedAvgX10": 85,
      "sealedRoutesPerRunX100": 60,
      "ticksP50": 459,
      "wipedPct": 26,
    },
    "fullExplore/tiny": {
      "bossDefeatedPct": 97,
      "completedPct": 93,
      "completedWithSealedBoss": 0,
      "retreatedPct": 3,
      "roomsVisitedAvgX10": 69,
      "sealedRoutesPerRunX100": 3,
      "ticksP50": 253,
      "wipedPct": 4,
    },
    "lootRun/large": {
      "bossDefeatedPct": 1,
      "completedPct": 25,
      "completedWithSealedBoss": 0,
      "retreatedPct": 8,
      "roomsVisitedAvgX10": 60,
      "sealedRoutesPerRunX100": 88,
      "ticksP50": 305,
      "wipedPct": 67,
    },
    "lootRun/medium": {
      "bossDefeatedPct": 4,
      "completedPct": 75,
      "completedWithSealedBoss": 0,
      "retreatedPct": 13,
      "roomsVisitedAvgX10": 65,
      "sealedRoutesPerRunX100": 61,
      "ticksP50": 253,
      "wipedPct": 12,
    },
    "lootRun/small": {
      "bossDefeatedPct": 24,
      "completedPct": 83,
      "completedWithSealedBoss": 2,
      "retreatedPct": 9,
      "roomsVisitedAvgX10": 55,
      "sealedRoutesPerRunX100": 39,
      "ticksP50": 184,
      "wipedPct": 8,
    },
    "lootRun/tiny": {
      "bossDefeatedPct": 82,
      "completedPct": 73,
      "completedWithSealedBoss": 1,
      "retreatedPct": 25,
      "roomsVisitedAvgX10": 55,
      "sealedRoutesPerRunX100": 4,
      "ticksP50": 164,
      "wipedPct": 2,
    },
    "mysteryHunt/large": {
      "bossDefeatedPct": 0,
      "completedPct": 22,
      "completedWithSealedBoss": 0,
      "retreatedPct": 15,
      "roomsVisitedAvgX10": 55,
      "sealedRoutesPerRunX100": 68,
      "ticksP50": 301,
      "wipedPct": 63,
    },
    "mysteryHunt/medium": {
      "bossDefeatedPct": 6,
      "completedPct": 70,
      "completedWithSealedBoss": 0,
      "retreatedPct": 22,
      "roomsVisitedAvgX10": 63,
      "sealedRoutesPerRunX100": 41,
      "ticksP50": 185,
      "wipedPct": 8,
    },
    "mysteryHunt/small": {
      "bossDefeatedPct": 1,
      "completedPct": 86,
      "completedWithSealedBoss": 0,
      "retreatedPct": 6,
      "roomsVisitedAvgX10": 46,
      "sealedRoutesPerRunX100": 10,
      "ticksP50": 130,
      "wipedPct": 8,
    },
    "mysteryHunt/tiny": {
      "bossDefeatedPct": 1,
      "completedPct": 99,
      "completedWithSealedBoss": 0,
      "retreatedPct": 1,
      "roomsVisitedAvgX10": 35,
      "sealedRoutesPerRunX100": 2,
      "ticksP50": 67,
      "wipedPct": 0,
    },
  },
  "runsPerCell": 100,
}
`;
