// Vitest Snapshot v1, https://vitest.dev/guide/snapshot.html

exports[`the at-level contract — a level-N party in a level-N dungeon > THE BASELINE: the at-level curve, exact — drift must justify itself 1`] = `
{
  "curve": {
    "d1": {
      "completedPct": 95,
      "retreatedPct": 3.7,
      "wipedPct": 1.3,
    },
    "d2": {
      "completedPct": 92.7,
      "retreatedPct": 6,
      "wipedPct": 1.3,
    },
    "d3": {
      "completedPct": 89.3,
      "retreatedPct": 6.7,
      "wipedPct": 4,
    },
    "d4": {
      "completedPct": 61.3,
      "retreatedPct": 28.3,
      "wipedPct": 10.3,
    },
    "d5": {
      "completedPct": 71,
      "retreatedPct": 24,
      "wipedPct": 5,
    },
  },
  "gear": "bracket",
  "phase": "target",
  "runsPerCell": 300,
}
`;
