// Vitest Snapshot v1, https://vitest.dev/guide/snapshot.html

exports[`dungeon distribution harness — every profile, every tier > THE BASELINE: exact distribution snapshot — drift must justify itself 1`] = `
{
  "grid": {
    "bossRush/large": {
      "bossDefeatedPct": 8,
      "completedPct": 8,
      "completedWithSealedBoss": 0,
      "retreatedPct": 19,
      "roomsVisitedAvgX10": 53,
      "sealedRoutesPerRunX100": 66,
      "ticksP50": 300,
      "wipedPct": 73,
    },
    "bossRush/medium": {
      "bossDefeatedPct": 40,
      "completedPct": 40,
      "completedWithSealedBoss": 0,
      "retreatedPct": 40,
      "roomsVisitedAvgX10": 58,
      "sealedRoutesPerRunX100": 53,
      "ticksP50": 254,
      "wipedPct": 20,
    },
    "bossRush/small": {
      "bossDefeatedPct": 73,
      "completedPct": 73,
      "completedWithSealedBoss": 0,
      "retreatedPct": 17,
      "roomsVisitedAvgX10": 54,
      "sealedRoutesPerRunX100": 24,
      "ticksP50": 196,
      "wipedPct": 10,
    },
    "bossRush/tiny": {
      "bossDefeatedPct": 92,
      "completedPct": 92,
      "completedWithSealedBoss": 0,
      "retreatedPct": 6,
      "roomsVisitedAvgX10": 45,
      "sealedRoutesPerRunX100": 7,
      "ticksP50": 138,
      "wipedPct": 2,
    },
    "fullExplore/large": {
      "bossDefeatedPct": 1,
      "completedPct": 0,
      "completedWithSealedBoss": 0,
      "retreatedPct": 22,
      "roomsVisitedAvgX10": 59,
      "sealedRoutesPerRunX100": 67,
      "ticksP50": 330,
      "wipedPct": 78,
    },
    "fullExplore/medium": {
      "bossDefeatedPct": 36,
      "completedPct": 23,
      "completedWithSealedBoss": 0,
      "retreatedPct": 37,
      "roomsVisitedAvgX10": 106,
      "sealedRoutesPerRunX100": 117,
      "ticksP50": 521,
      "wipedPct": 40,
    },
    "fullExplore/small": {
      "bossDefeatedPct": 71,
      "completedPct": 63,
      "completedWithSealedBoss": 0,
      "retreatedPct": 18,
      "roomsVisitedAvgX10": 84,
      "sealedRoutesPerRunX100": 56,
      "ticksP50": 429,
      "wipedPct": 19,
    },
    "fullExplore/tiny": {
      "bossDefeatedPct": 93,
      "completedPct": 87,
      "completedWithSealedBoss": 0,
      "retreatedPct": 3,
      "roomsVisitedAvgX10": 69,
      "sealedRoutesPerRunX100": 3,
      "ticksP50": 257,
      "wipedPct": 10,
    },
    "lootRun/large": {
      "bossDefeatedPct": 0,
      "completedPct": 25,
      "completedWithSealedBoss": 1,
      "retreatedPct": 8,
      "roomsVisitedAvgX10": 60,
      "sealedRoutesPerRunX100": 90,
      "ticksP50": 322,
      "wipedPct": 67,
    },
    "lootRun/medium": {
      "bossDefeatedPct": 4,
      "completedPct": 71,
      "completedWithSealedBoss": 0,
      "retreatedPct": 13,
      "roomsVisitedAvgX10": 64,
      "sealedRoutesPerRunX100": 61,
      "ticksP50": 258,
      "wipedPct": 16,
    },
    "lootRun/small": {
      "bossDefeatedPct": 20,
      "completedPct": 83,
      "completedWithSealedBoss": 2,
      "retreatedPct": 9,
      "roomsVisitedAvgX10": 55,
      "sealedRoutesPerRunX100": 39,
      "ticksP50": 177,
      "wipedPct": 8,
    },
    "lootRun/tiny": {
      "bossDefeatedPct": 82,
      "completedPct": 73,
      "completedWithSealedBoss": 1,
      "retreatedPct": 26,
      "roomsVisitedAvgX10": 55,
      "sealedRoutesPerRunX100": 4,
      "ticksP50": 171,
      "wipedPct": 1,
    },
    "mysteryHunt/large": {
      "bossDefeatedPct": 0,
      "completedPct": 27,
      "completedWithSealedBoss": 0,
      "retreatedPct": 15,
      "roomsVisitedAvgX10": 57,
      "sealedRoutesPerRunX100": 68,
      "ticksP50": 295,
      "wipedPct": 58,
    },
    "mysteryHunt/medium": {
      "bossDefeatedPct": 6,
      "completedPct": 68,
      "completedWithSealedBoss": 0,
      "retreatedPct": 18,
      "roomsVisitedAvgX10": 61,
      "sealedRoutesPerRunX100": 39,
      "ticksP50": 177,
      "wipedPct": 14,
    },
    "mysteryHunt/small": {
      "bossDefeatedPct": 1,
      "completedPct": 90,
      "completedWithSealedBoss": 0,
      "retreatedPct": 5,
      "roomsVisitedAvgX10": 46,
      "sealedRoutesPerRunX100": 9,
      "ticksP50": 131,
      "wipedPct": 5,
    },
    "mysteryHunt/tiny": {
      "bossDefeatedPct": 1,
      "completedPct": 99,
      "completedWithSealedBoss": 0,
      "retreatedPct": 1,
      "roomsVisitedAvgX10": 35,
      "sealedRoutesPerRunX100": 2,
      "ticksP50": 73,
      "wipedPct": 0,
    },
  },
  "runsPerCell": 100,
}
`;
