// Vitest Snapshot v1, https://vitest.dev/guide/snapshot.html

exports[`the at-level contract — a level-N party in a level-N dungeon > THE BASELINE: the at-level curve, exact — drift must justify itself 1`] = `
{
  "curve": {
    "d1": {
      "completedPct": 89.3,
      "retreatedPct": 4,
      "wipedPct": 6.7,
    },
    "d2": {
      "completedPct": 87,
      "retreatedPct": 6.3,
      "wipedPct": 6.7,
    },
    "d3": {
      "completedPct": 82,
      "retreatedPct": 6.7,
      "wipedPct": 11.3,
    },
    "d4": {
      "completedPct": 39.7,
      "retreatedPct": 25,
      "wipedPct": 35.3,
    },
    "d5": {
      "completedPct": 47.7,
      "retreatedPct": 24.3,
      "wipedPct": 28,
    },
  },
  "gear": "bracket",
  "phase": "target",
  "runsPerCell": 300,
}
`;
