// Vitest Snapshot v1, https://vitest.dev/guide/snapshot.html

exports[`beat feed — the presentation contract > SNAPSHOT: the contract fixture renders text-identically, forever 1`] = `
[
  "0 [system] The party sets out (bossRush, standard).",
  "0 [travel] On the road — ETA 340 min.",
  "340 [travel] Arrived at poi_12.",
  "340 [system] They descend into the dungeon (t_small_04).",
  "350 [neutral] Entered t_small_04:r0 (entrance).",
  "361 [good] hero_2 spots a trap (14+6=20 vs DC 16).",
  "362 [good] hero_2 passed disarming the trap (11+8=19 vs DC 16).",
  "370 [neutral] Entered t_small_04:r1 (combat).",
  "375 [system] Combat: hero_1, hero_2 vs disp_1:e0, disp_1:e1.",
  "380 [neutral] hero_1 → disp_1:e0: CRIT (17+8=25 vs DC 15) [flanked]",
  "380 [bad] disp_1:e0 takes 18 slashing (0 hp left).",
  "380 [bad] disp_1:e0 is slain.",
  "385 [neutral] disp_1:e1 → hero_2: hit (19+5=24 vs DC 17)",
  "385 [bad] hero_2 takes 11 piercing (0 hp left).",
  "385 [bad] hero_2 goes DOWN (dying 1).",
  "390 [good] hero_2 passed a death save (dying 0).",
  "395 [neutral] hero_1 → disp_1:e1: hit (12+8=20 vs DC 15)",
  "395 [bad] disp_1:e1 takes 9 slashing (0 hp left).",
  "395 [bad] disp_1:e1 is slain.",
  "396 [good] Combat ends: victory (21 ticks).",
  "396 [good] t_small_04:r1 cleared.",
  "400 [loot] Found: masterwork shortbow.",
  "410 [neutral] Entered t_small_04:r2 (lore).",
  "412 [good] A clue surfaces: clue_krath_2 (arc_krath).",
  "420 [neutral] Entered t_small_04:r5 (boss).",
  "425 [system] Combat: hero_1, hero_2 vs disp_1:e2.",
  "430 [neutral] hero_2 → disp_1:e2: hit (18+9=27 vs DC 18) [flanked, sneak 2d]",
  "430 [bad] disp_1:e2 takes 21 piercing (0 hp left).",
  "430 [bad] disp_1:e2 is slain.",
  "431 [good] Combat ends: victory (6 ticks).",
  "431 [good] t_small_04:r5 cleared.",
  "435 [loot] Found: magical longsword [flaming].",
  "440 [loot] Haul secured: 2 item(s), 74 gold.",
  "440 [good] hero_1 gains 90 XP (combat).",
  "440 [good] hero_2 gains 90 XP (combat).",
  "445 [travel] Back to daylight.",
  "780 [good] Objective complete.",
]
`;
