// Vitest Snapshot v1, https://vitest.dev/guide/snapshot.html

exports[`EventStream (constraint #4) > FREEZE GUARD: the type manifest only ever grows 1`] = `
[
  "combat.aoe_resolved",
  "combat.attack_resolved",
  "combat.condition_applied",
  "combat.condition_expired",
  "combat.condition_save_resolved",
  "combat.damage_applied",
  "combat.dying_check_resolved",
  "combat.ended",
  "combat.healing_applied",
  "combat.reaction_triggered",
  "combat.spell_cast",
  "combat.stalemate_forced",
  "combat.stance_changed",
  "combat.started",
  "combat.unit_died",
  "combat.unit_downed",
  "combat.unit_engaged",
  "combat.unit_fled",
  "combat.unit_moved",
  "combat.unit_spawned",
  "dispatch.completed",
  "dispatch.dungeon_entered",
  "dispatch.dungeon_exited",
  "dispatch.retreated",
  "dispatch.started",
  "dispatch.travel_ambushed",
  "dispatch.travel_arrived",
  "dispatch.travel_leg_started",
  "dispatch.wiped",
  "explore.ambush_resolved",
  "explore.area_revealed",
  "explore.cache_looted",
  "explore.clue_found",
  "explore.door_forced",
  "explore.enemy_presence_detected",
  "explore.entry_check_started",
  "explore.lock_attempted",
  "explore.lock_opened",
  "explore.rested",
  "explore.room_cleared",
  "explore.room_entered",
  "explore.route_blocked",
  "explore.shrine_activated",
  "explore.trap_detected",
  "explore.trap_disarm_attempted",
  "explore.trap_triggered",
  "hero.deed_earned",
  "hero.died",
  "hero.level_up_applied",
  "hero.wounded_changed",
  "hero.xp_awarded",
  "loot.collected",
  "loot.item_generated",
  "loot.left_behind",
  "loot.rolled",
  "world.building_upgrade_completed",
  "world.building_upgrade_started",
  "world.escalation_changed",
  "world.hero_recruited",
  "world.poi_income_paid",
  "world.poi_state_changed",
  "world.quest_accepted",
  "world.quest_completed",
  "world.quest_expired",
  "world.quest_failed",
  "world.quest_posted",
  "world.respec_purchased",
  "world.rotation_changed",
  "world.shop_restocked",
  "world.villain_beat_fired",
  "world.week_tick",
]
`;
